blog/src/UKhousing/outer-london.csv
"Name","URI","Region GSS code","Period","Sales volume","Reporting period","Average price All property types","Average price Detached houses","Average price Semi-detached houses","Average price Terraced houses","Average price Flats and maisonettes","Pivotable date"
Outer London,http://landregistry.data.gov.uk/id/region/outer-london,E13000002,2004-01,7830,monthly,207315,422182,263578,196122,170405,2004-01-01
Outer London,http://landregistry.data.gov.uk/id/region/outer-london,E13000002,2004-02,7637,monthly,208928,425350,265535,197806,171649,2004-02-01
Outer London,http://landregistry.data.gov.uk/id/region/outer-london,E13000002,2004-03,8840,monthly,210094,428829,266523,199730,172478,2004-03-01
Outer London,http://landregistry.data.gov.uk/id/region/outer-london,E13000002,2004-04,8929,monthly,212434,429311,268972,202572,174369,2004-04-01
Outer London,http://landregistry.data.gov.uk/id/region/outer-london,E13000002,2004-05,8371,monthly,214762,427644,270990,205110,176770,2004-05-01
Outer London,http://landregistry.data.gov.uk/id/region/outer-london,E13000002,2004-06,9900,monthly,217786,429657,274485,208061,179579,2004-06-01
Outer London,http://landregistry.data.gov.uk/id/region/outer-london,E13000002,2004-07,10600,monthly,219793,433301,277499,210104,180972,2004-07-01
Outer London,http://landregistry.data.gov.uk/id/region/outer-london,E13000002,2004-08,9032,monthly,221903,440738,280389,212206,182355,2004-08-01
Outer London,http://landregistry.data.gov.uk/id/region/outer-london,E13000002,2004-09,8127,monthly,222918,444960,282234,213627,182486,2004-09-01
Outer London,http://landregistry.data.gov.uk/id/region/outer-london,E13000002,2004-10,7376,monthly,223418,445674,281959,213947,183379,2004-10-01
Outer London,http://landregistry.data.gov.uk/id/region/outer-london,E13000002,2004-11,6759,monthly,223613,444575,281917,214142,183733,2004-11-01
Outer London,http://landregistry.data.gov.uk/id/region/outer-london,E13000002,2004-12,6710,monthly,223023,441700,280432,213419,183758,2004-12-01
Outer London,http://landregistry.data.gov.uk/id/region/outer-london,E13000002,2005-01,4801,monthly,222732,441604,279666,213326,183496,2005-01-01
Outer London,http://landregistry.data.gov.uk/id/region/outer-london,E13000002,2005-02,4686,monthly,221096,439255,277970,211802,181921,2005-02-01
Outer London,http://landregistry.data.gov.uk/id/region/outer-london,E13000002,2005-03,5644,monthly,220895,438537,277657,212185,181350,2005-03-01
Outer London,http://landregistry.data.gov.uk/id/region/outer-london,E13000002,2005-04,6102,monthly,221006,436613,278232,212784,181022,2005-04-01
Outer London,http://landregistry.data.gov.uk/id/region/outer-london,E13000002,2005-05,6347,monthly,222892,438499,279967,214853,182733,2005-05-01
Outer London,http://landregistry.data.gov.uk/id/region/outer-london,E13000002,2005-06,7438,monthly,224375,439361,281648,216595,183905,2005-06-01
Outer London,http://landregistry.data.gov.uk/id/region/outer-london,E13000002,2005-07,8105,monthly,225071,441096,282815,217129,184448,2005-07-01
Outer London,http://landregistry.data.gov.uk/id/region/outer-london,E13000002,2005-08,7906,monthly,224920,441299,282589,216646,183923,2005-08-01
Outer London,http://landregistry.data.gov.uk/id/region/outer-london,E13000002,2005-09,8082,monthly,225269,444062,283459,217066,183846,2005-09-01
Outer London,http://landregistry.data.gov.uk/id/region/outer-london,E13000002,2005-10,7546,monthly,224778,442319,282162,216709,183664,2005-10-01
Outer London,http://landregistry.data.gov.uk/id/region/outer-london,E13000002,2005-11,7757,monthly,224807,441132,282307,217537,183744,2005-11-01
Outer London,http://landregistry.data.gov.uk/id/region/outer-london,E13000002,2005-12,7925,monthly,224487,436835,280646,217176,184253,2005-12-01
Outer London,http://landregistry.data.gov.uk/id/region/outer-london,E13000002,2006-01,6403,monthly,225564,440253,282156,218338,184897,2006-01-01
Outer London,http://landregistry.data.gov.uk/id/region/outer-london,E13000002,2006-02,6533,monthly,226449,441328,282685,219217,185886,2006-02-01
Outer London,http://landregistry.data.gov.uk/id/region/outer-london,E13000002,2006-03,8395,monthly,227024,446054,284626,219954,185509,2006-03-01
Outer London,http://landregistry.data.gov.uk/id/region/outer-london,E13000002,2006-04,6939,monthly,228292,446271,286047,221546,186491,2006-04-01
Outer London,http://landregistry.data.gov.uk/id/region/outer-london,E13000002,2006-05,7983,monthly,229832,449499,288163,223136,187586,2006-05-01
Outer London,http://landregistry.data.gov.uk/id/region/outer-london,E13000002,2006-06,9661,monthly,232407,453124,290944,225825,189816,2006-06-01
Outer London,http://landregistry.data.gov.uk/id/region/outer-london,E13000002,2006-07,9586,monthly,234615,458627,293834,228354,191193,2006-07-01
Outer London,http://landregistry.data.gov.uk/id/region/outer-london,E13000002,2006-08,10284,monthly,237235,464609,297378,231455,192742,2006-08-01
Outer London,http://landregistry.data.gov.uk/id/region/outer-london,E13000002,2006-09,9362,monthly,239230,470266,300229,233288,194191,2006-09-01
Outer London,http://landregistry.data.gov.uk/id/region/outer-london,E13000002,2006-10,9383,monthly,240654,473606,301943,234233,195677,2006-10-01
Outer London,http://landregistry.data.gov.uk/id/region/outer-london,E13000002,2006-11,9340,monthly,241641,475812,303267,235209,196416,2006-11-01
Outer London,http://landregistry.data.gov.uk/id/region/outer-london,E13000002,2006-12,9364,monthly,243622,478141,305184,237391,198163,2006-12-01
Outer London,http://landregistry.data.gov.uk/id/region/outer-london,E13000002,2007-01,7583,monthly,245738,482323,307718,239806,199659,2007-01-01
Outer London,http://landregistry.data.gov.uk/id/region/outer-london,E13000002,2007-02,7483,monthly,248592,487499,310660,241893,202711,2007-02-01
Outer London,http://landregistry.data.gov.uk/id/region/outer-london,E13000002,2007-03,8851,monthly,250448,492444,313347,243989,203775,2007-03-01
Outer London,http://landregistry.data.gov.uk/id/region/outer-london,E13000002,2007-04,7630,monthly,253408,497410,316677,247149,206180,2007-04-01
Outer London,http://landregistry.data.gov.uk/id/region/outer-london,E13000002,2007-05,8755,monthly,256399,501671,320170,250669,208386,2007-05-01
Outer London,http://landregistry.data.gov.uk/id/region/outer-london,E13000002,2007-06,9639,monthly,259701,507552,323932,253832,211276,2007-06-01
Outer London,http://landregistry.data.gov.uk/id/region/outer-london,E13000002,2007-07,9634,monthly,264430,518988,330401,258214,214950,2007-07-01
Outer London,http://landregistry.data.gov.uk/id/region/outer-london,E13000002,2007-08,10426,monthly,267967,528737,335232,262298,217065,2007-08-01
Outer London,http://landregistry.data.gov.uk/id/region/outer-london,E13000002,2007-09,8429,monthly,271126,537582,339537,265121,219519,2007-09-01
Outer London,http://landregistry.data.gov.uk/id/region/outer-london,E13000002,2007-10,8847,monthly,271923,540358,339754,265596,220565,2007-10-01
Outer London,http://landregistry.data.gov.uk/id/region/outer-london,E13000002,2007-11,8224,monthly,273062,545378,341591,265815,221779,2007-11-01
Outer London,http://landregistry.data.gov.uk/id/region/outer-london,E13000002,2007-12,6115,monthly,274023,545600,342367,265815,222896,2007-12-01
Outer London,http://landregistry.data.gov.uk/id/region/outer-london,E13000002,2008-01,5202,monthly,274751,547912,343405,266545,223373,2008-01-01
Outer London,http://landregistry.data.gov.uk/id/region/outer-london,E13000002,2008-02,5447,monthly,273761,545328,342222,265834,222425,2008-02-01
Outer London,http://landregistry.data.gov.uk/id/region/outer-london,E13000002,2008-03,4805,monthly,272290,543934,341196,266113,220281,2008-03-01
Outer London,http://landregistry.data.gov.uk/id/region/outer-london,E13000002,2008-04,4940,monthly,270682,542284,339651,265102,218375,2008-04-01
Outer London,http://landregistry.data.gov.uk/id/region/outer-london,E13000002,2008-05,4837,monthly,270369,541250,339439,265001,217955,2008-05-01
Outer London,http://landregistry.data.gov.uk/id/region/outer-london,E13000002,2008-06,4573,monthly,269282,539546,337878,263700,217265,2008-06-01
Outer London,http://landregistry.data.gov.uk/id/region/outer-london,E13000002,2008-07,4325,monthly,266841,535354,335649,261068,215140,2008-07-01
Outer London,http://landregistry.data.gov.uk/id/region/outer-london,E13000002,2008-08,3599,monthly,262935,529689,330838,257310,211791,2008-08-01
Outer London,http://landregistry.data.gov.uk/id/region/outer-london,E13000002,2008-09,3197,monthly,257878,523408,324798,251739,207788,2008-09-01
Outer London,http://landregistry.data.gov.uk/id/region/outer-london,E13000002,2008-10,3266,monthly,251516,510964,316270,244724,203322,2008-10-01
Outer London,http://landregistry.data.gov.uk/id/region/outer-london,E13000002,2008-11,2497,monthly,244203,498264,307569,237328,197306,2008-11-01
Outer London,http://landregistry.data.gov.uk/id/region/outer-london,E13000002,2008-12,2863,monthly,238453,484361,300471,232304,192376,2008-12-01
Outer London,http://landregistry.data.gov.uk/id/region/outer-london,E13000002,2009-01,1999,monthly,234448,477179,295475,228601,188946,2009-01-01
Outer London,http://landregistry.data.gov.uk/id/region/outer-london,E13000002,2009-02,1961,monthly,231587,467739,291306,225302,187506,2009-02-01
Outer London,http://landregistry.data.gov.uk/id/region/outer-london,E13000002,2009-03,2410,monthly,228401,460929,287181,221269,185687,2009-03-01
Outer London,http://landregistry.data.gov.uk/id/region/outer-london,E13000002,2009-04,2632,monthly,225821,451823,284244,218884,183692,2009-04-01
Outer London,http://landregistry.data.gov.uk/id/region/outer-london,E13000002,2009-05,3018,monthly,225429,450907,284174,218920,182838,2009-05-01
Outer London,http://landregistry.data.gov.uk/id/region/outer-london,E13000002,2009-06,3505,monthly,227006,453160,286474,221291,183352,2009-06-01
Outer London,http://landregistry.data.gov.uk/id/region/outer-london,E13000002,2009-07,4598,monthly,230628,461667,292101,225604,185030,2009-07-01
Outer London,http://landregistry.data.gov.uk/id/region/outer-london,E13000002,2009-08,4376,monthly,234642,471149,297905,230098,187319,2009-08-01
Outer London,http://landregistry.data.gov.uk/id/region/outer-london,E13000002,2009-09,4585,monthly,238330,480472,303307,233933,189582,2009-09-01
Outer London,http://landregistry.data.gov.uk/id/region/outer-london,E13000002,2009-10,5078,monthly,240970,487165,306955,236759,191243,2009-10-01
Outer London,http://landregistry.data.gov.uk/id/region/outer-london,E13000002,2009-11,4665,monthly,242107,490436,308302,238577,191543,2009-11-01
Outer London,http://landregistry.data.gov.uk/id/region/outer-london,E13000002,2009-12,5685,monthly,244178,492644,311029,241200,192847,2009-12-01
Outer London,http://landregistry.data.gov.uk/id/region/outer-london,E13000002,2010-01,3462,monthly,246747,499242,315218,244376,193836,2010-01-01
Outer London,http://landregistry.data.gov.uk/id/region/outer-london,E13000002,2010-02,3688,monthly,249485,506293,320443,247311,194909,2010-02-01
Outer London,http://landregistry.data.gov.uk/id/region/outer-london,E13000002,2010-03,4217,monthly,251921,515964,324068,249152,196593,2010-03-01
Outer London,http://landregistry.data.gov.uk/id/region/outer-london,E13000002,2010-04,4014,monthly,252635,517651,324930,249389,197504,2010-04-01
Outer London,http://landregistry.data.gov.uk/id/region/outer-london,E13000002,2010-05,4116,monthly,253835,520296,325751,250137,199069,2010-05-01
Outer London,http://landregistry.data.gov.uk/id/region/outer-london,E13000002,2010-06,5090,monthly,254258,520979,326713,251264,198700,2010-06-01
Outer London,http://landregistry.data.gov.uk/id/region/outer-london,E13000002,2010-07,5340,monthly,257471,530153,330883,254972,200570,2010-07-01
Outer London,http://landregistry.data.gov.uk/id/region/outer-london,E13000002,2010-08,4933,monthly,260118,536845,335487,257825,201822,2010-08-01
Outer London,http://landregistry.data.gov.uk/id/region/outer-london,E13000002,2010-09,4706,monthly,262614,544684,339031,260262,203408,2010-09-01
Outer London,http://landregistry.data.gov.uk/id/region/outer-london,E13000002,2010-10,4606,monthly,261308,541485,337564,258818,202453,2010-10-01
Outer London,http://landregistry.data.gov.uk/id/region/outer-london,E13000002,2010-11,4377,monthly,259549,539520,334995,256509,201495,2010-11-01
Outer London,http://landregistry.data.gov.uk/id/region/outer-london,E13000002,2010-12,4319,monthly,257742,534718,333148,254346,200248,2010-12-01
Outer London,http://landregistry.data.gov.uk/id/region/outer-london,E13000002,2011-01,3154,monthly,257847,538548,333266,254031,200337,2011-01-01
Outer London,http://landregistry.data.gov.uk/id/region/outer-london,E13000002,2011-02,3367,monthly,257755,541552,332963,253714,200245,2011-02-01
Outer London,http://landregistry.data.gov.uk/id/region/outer-london,E13000002,2011-03,3766,monthly,257125,545874,331923,252722,199649,2011-03-01
Outer London,http://landregistry.data.gov.uk/id/region/outer-london,E13000002,2011-04,3882,monthly,256849,543761,331366,252472,199637,2011-04-01
Outer London,http://landregistry.data.gov.uk/id/region/outer-london,E13000002,2011-05,3729,monthly,257322,538788,331302,253166,200656,2011-05-01
Outer London,http://landregistry.data.gov.uk/id/region/outer-london,E13000002,2011-06,4445,monthly,256882,530466,330745,253126,200660,2011-06-01
Outer London,http://landregistry.data.gov.uk/id/region/outer-london,E13000002,2011-07,5079,monthly,258057,530067,332073,254455,201779,2011-07-01
Outer London,http://landregistry.data.gov.uk/id/region/outer-london,E13000002,2011-08,5128,monthly,259231,535048,334819,256378,201355,2011-08-01
Outer London,http://landregistry.data.gov.uk/id/region/outer-london,E13000002,2011-09,4958,monthly,262250,545530,338849,259811,202937,2011-09-01
Outer London,http://landregistry.data.gov.uk/id/region/outer-london,E13000002,2011-10,4681,monthly,262083,549320,340267,259390,201929,2011-10-01
Outer London,http://landregistry.data.gov.uk/id/region/outer-london,E13000002,2011-11,4703,monthly,261425,550228,339243,257789,202005,2011-11-01
Outer London,http://landregistry.data.gov.uk/id/region/outer-london,E13000002,2011-12,4968,monthly,260790,546137,338574,256673,202051,2011-12-01
Outer London,http://landregistry.data.gov.uk/id/region/outer-london,E13000002,2012-01,3746,monthly,260452,541950,337820,256681,201974,2012-01-01
Outer London,http://landregistry.data.gov.uk/id/region/outer-london,E13000002,2012-02,3878,monthly,261397,545068,339625,258402,201806,2012-02-01
Outer London,http://landregistry.data.gov.uk/id/region/outer-london,E13000002,2012-03,5411,monthly,260217,541495,337559,257787,200759,2012-03-01
Outer London,http://landregistry.data.gov.uk/id/region/outer-london,E13000002,2012-04,3326,monthly,261426,543893,338202,259025,202032,2012-04-01
Outer London,http://landregistry.data.gov.uk/id/region/outer-london,E13000002,2012-05,4167,monthly,263628,543670,339939,261306,204472,2012-05-01
Outer London,http://landregistry.data.gov.uk/id/region/outer-london,E13000002,2012-06,4658,monthly,267855,551197,344989,266225,207495,2012-06-01
Outer London,http://landregistry.data.gov.uk/id/region/outer-london,E13000002,2012-07,4841,monthly,270718,556769,348537,269657,209385,2012-07-01
Outer London,http://landregistry.data.gov.uk/id/region/outer-london,E13000002,2012-08,5261,monthly,272010,560349,350655,271630,209657,2012-08-01
Outer London,http://landregistry.data.gov.uk/id/region/outer-london,E13000002,2012-09,4393,monthly,272343,564195,351834,271637,209597,2012-09-01
Outer London,http://landregistry.data.gov.uk/id/region/outer-london,E13000002,2012-10,4795,monthly,272555,564652,352342,271696,209773,2012-10-01
Outer London,http://landregistry.data.gov.uk/id/region/outer-london,E13000002,2012-11,5165,monthly,272232,564125,351793,271254,209646,2012-11-01
Outer London,http://landregistry.data.gov.uk/id/region/outer-london,E13000002,2012-12,4475,monthly,272916,565238,352480,272313,210014,2012-12-01
Outer London,http://landregistry.data.gov.uk/id/region/outer-london,E13000002,2013-01,3764,monthly,272940,566557,353555,272316,209544,2013-01-01
Outer London,http://landregistry.data.gov.uk/id/region/outer-london,E13000002,2013-02,3931,monthly,272864,567396,353852,272179,209294,2013-02-01
Outer London,http://landregistry.data.gov.uk/id/region/outer-london,E13000002,2013-03,4515,monthly,273228,568575,354466,271976,209843,2013-03-01
Outer London,http://landregistry.data.gov.uk/id/region/outer-london,E13000002,2013-04,4190,monthly,274815,570486,355012,274043,211392,2013-04-01
Outer London,http://landregistry.data.gov.uk/id/region/outer-london,E13000002,2013-05,5107,monthly,277958,575995,358630,277222,214017,2013-05-01
Outer London,http://landregistry.data.gov.uk/id/region/outer-london,E13000002,2013-06,4962,monthly,280600,580051,361760,280653,215751,2013-06-01
Outer London,http://landregistry.data.gov.uk/id/region/outer-london,E13000002,2013-07,6102,monthly,284014,586176,366109,284415,218247,2013-07-01
Outer London,http://landregistry.data.gov.uk/id/region/outer-london,E13000002,2013-08,6475,monthly,287478,592226,370569,288315,220718,2013-08-01
Outer London,http://landregistry.data.gov.uk/id/region/outer-london,E13000002,2013-09,5837,monthly,290390,600199,374336,291118,222875,2013-09-01
Outer London,http://landregistry.data.gov.uk/id/region/outer-london,E13000002,2013-10,6648,monthly,292254,605817,377528,292562,224159,2013-10-01
Outer London,http://landregistry.data.gov.uk/id/region/outer-london,E13000002,2013-11,6718,monthly,293991,609324,379720,294086,225654,2013-11-01
Outer London,http://landregistry.data.gov.uk/id/region/outer-london,E13000002,2013-12,6169,monthly,297099,611037,383472,297388,228374,2013-12-01
Outer London,http://landregistry.data.gov.uk/id/region/outer-london,E13000002,2014-01,5809,monthly,301242,617881,388160,299824,231941,2014-01-01
Outer London,http://landregistry.data.gov.uk/id/region/outer-london,E13000002,2014-02,5597,monthly,304738,626106,392513,303374,234639,2014-02-01
