blog/src/UKhousing/outer-london.csv
"Name","URI","Region GSS code","Period","Sales volume","Reporting period","Average price All property types","Average price Detached houses","Average price Semi-detached houses","Average price Terraced houses","Average price Flats and maisonettes","Pivotable date"
Outer London,http://landregistry.data.gov.uk/id/region/outer-london,E13000002,2014-03,5612,monthly,307979,633855,396490,306460,237223,2014-03-01
Outer London,http://landregistry.data.gov.uk/id/region/outer-london,E13000002,2014-04,5659,monthly,313806,645691,403511,314448,241614,2014-04-01
Outer London,http://landregistry.data.gov.uk/id/region/outer-london,E13000002,2014-05,5965,monthly,320352,656443,411233,321418,246798,2014-05-01
Outer London,http://landregistry.data.gov.uk/id/region/outer-london,E13000002,2014-06,6161,monthly,327717,670111,420306,329335,252384,2014-06-01
Outer London,http://landregistry.data.gov.uk/id/region/outer-london,E13000002,2014-07,6772,monthly,334424,683030,429679,336598,257102,2014-07-01
Outer London,http://landregistry.data.gov.uk/id/region/outer-london,E13000002,2014-08,6782,monthly,341526,698259,439503,344396,261972,2014-08-01
Outer London,http://landregistry.data.gov.uk/id/region/outer-london,E13000002,2014-09,6392,monthly,346341,711072,446495,349277,265240,2014-09-01
Outer London,http://landregistry.data.gov.uk/id/region/outer-london,E13000002,2014-10,6658,monthly,347870,715467,448567,350567,266438,2014-10-01
Outer London,http://landregistry.data.gov.uk/id/region/outer-london,E13000002,2014-11,5686,monthly,347994,717325,449175,350068,266643,2014-11-01
Outer London,http://landregistry.data.gov.uk/id/region/outer-london,E13000002,2014-12,5955,monthly,348665,718068,449782,350291,267515,2014-12-01
Outer London,http://landregistry.data.gov.uk/id/region/outer-london,E13000002,2015-01,5043,monthly,348673,718862,450046,349726,267712,2015-01-01
Outer London,http://landregistry.data.gov.uk/id/region/outer-london,E13000002,2015-02,5029,monthly,349499,720470,450468,349994,268860,2015-02-01
Outer London,http://landregistry.data.gov.uk/id/region/outer-london,E13000002,2015-03,5374,monthly,350559,723009,452141,350613,269836,2015-03-01
Outer London,http://landregistry.data.gov.uk/id/region/outer-london,E13000002,2015-04,4961,monthly,353110,728346,454984,353608,271664,2015-04-01
Outer London,http://landregistry.data.gov.uk/id/region/outer-london,E13000002,2015-05,5479,monthly,355717,731420,458617,356534,273550,2015-05-01
Outer London,http://landregistry.data.gov.uk/id/region/outer-london,E13000002,2015-06,6375,monthly,359886,739288,464445,362425,275636,2015-06-01
Outer London,http://landregistry.data.gov.uk/id/region/outer-london,E13000002,2015-07,7431,monthly,366101,748086,472445,369714,280052,2015-07-01
Outer London,http://landregistry.data.gov.uk/id/region/outer-london,E13000002,2015-08,6349,monthly,373092,763551,481887,377719,284625,2015-08-01
Outer London,http://landregistry.data.gov.uk/id/region/outer-london,E13000002,2015-09,6663,monthly,378841,779126,489446,382914,289088,2015-09-01
Outer London,http://landregistry.data.gov.uk/id/region/outer-london,E13000002,2015-10,6826,monthly,383465,791835,496124,387588,292188,2015-10-01
Outer London,http://landregistry.data.gov.uk/id/region/outer-london,E13000002,2015-11,6233,monthly,386808,799639,500829,391058,294506,2015-11-01
Outer London,http://landregistry.data.gov.uk/id/region/outer-london,E13000002,2015-12,6095,monthly,391612,808087,507481,395774,298214,2015-12-01
Outer London,http://landregistry.data.gov.uk/id/region/outer-london,E13000002,2016-01,4921,monthly,395627,814899,514097,399371,301216,2016-01-01
Outer London,http://landregistry.data.gov.uk/id/region/outer-london,E13000002,2016-02,5117,monthly,400431,826353,521130,404119,304592,2016-02-01
Outer London,http://landregistry.data.gov.uk/id/region/outer-london,E13000002,2016-03,10456,monthly,403845,835323,525183,407816,307031,2016-03-01
Outer London,http://landregistry.data.gov.uk/id/region/outer-london,E13000002,2016-04,3461,monthly,406940,840007,527103,411220,309970,2016-04-01
Outer London,http://landregistry.data.gov.uk/id/region/outer-london,E13000002,2016-05,4125,monthly,410966,840880,529919,414637,314659,2016-05-01
Outer London,http://landregistry.data.gov.uk/id/region/outer-london,E13000002,2016-06,5064,monthly,414608,845616,533924,418060,317989,2016-06-01
Outer London,http://landregistry.data.gov.uk/id/region/outer-london,E13000002,2016-07,5259,monthly,419288,856649,540683,422799,321245,2016-07-01
Outer London,http://landregistry.data.gov.uk/id/region/outer-london,E13000002,2016-08,5462,monthly,421382,864680,544184,425362,322074,2016-08-01
Outer London,http://landregistry.data.gov.uk/id/region/outer-london,E13000002,2016-09,5295,monthly,421397,863826,545539,425597,321608,2016-09-01
Outer London,http://landregistry.data.gov.uk/id/region/outer-london,E13000002,2016-10,4967,monthly,419810,860632,543533,422734,321133,2016-10-01
Outer London,http://landregistry.data.gov.uk/id/region/outer-london,E13000002,2016-11,5042,monthly,417765,859545,541430,419846,319692,2016-11-01
Outer London,http://landregistry.data.gov.uk/id/region/outer-london,E13000002,2016-12,4999,monthly,418403,860830,540735,419685,321129,2016-12-01
Outer London,http://landregistry.data.gov.uk/id/region/outer-london,E13000002,2017-01,4073,monthly,419564,864084,541717,421005,322027,2017-01-01
Outer London,http://landregistry.data.gov.uk/id/region/outer-london,E13000002,2017-02,4321,monthly,421117,864686,542183,421362,324558,2017-02-01
Outer London,http://landregistry.data.gov.uk/id/region/outer-london,E13000002,2017-03,5327,monthly,422510,866736,543533,421818,326362,2017-03-01
Outer London,http://landregistry.data.gov.uk/id/region/outer-london,E13000002,2017-04,4160,monthly,423456,868647,543252,422156,327900,2017-04-01
Outer London,http://landregistry.data.gov.uk/id/region/outer-london,E13000002,2017-05,4613,monthly,425571,869457,545965,424452,329659,2017-05-01
Outer London,http://landregistry.data.gov.uk/id/region/outer-london,E13000002,2017-06,5366,monthly,426715,868351,546689,426363,330545,2017-06-01
Outer London,http://landregistry.data.gov.uk/id/region/outer-london,E13000002,2017-07,5096,monthly,429518,869434,551194,429644,332462,2017-07-01
Outer London,http://landregistry.data.gov.uk/id/region/outer-london,E13000002,2017-08,5508,monthly,431207,873707,553565,432883,332746,2017-08-01
Outer London,http://landregistry.data.gov.uk/id/region/outer-london,E13000002,2017-09,5048,monthly,432669,881219,556625,434499,333133,2017-09-01
Outer London,http://landregistry.data.gov.uk/id/region/outer-london,E13000002,2017-10,5011,monthly,431629,883561,556407,433673,331578,2017-10-01
Outer London,http://landregistry.data.gov.uk/id/region/outer-london,E13000002,2017-11,4847,monthly,429386,880534,554859,431127,329520,2017-11-01
Outer London,http://landregistry.data.gov.uk/id/region/outer-london,E13000002,2017-12,4725,monthly,427693,876143,553507,430058,327666,2017-12-01
Outer London,http://landregistry.data.gov.uk/id/region/outer-london,E13000002,2018-01,3914,monthly,426583,871726,552231,428999,326874,2018-01-01
Outer London,http://landregistry.data.gov.uk/id/region/outer-london,E13000002,2018-02,3781,monthly,426693,872749,552317,429156,326904,2018-02-01
Outer London,http://landregistry.data.gov.uk/id/region/outer-london,E13000002,2018-03,4502,monthly,425584,870189,552041,428228,325681,2018-03-01
Outer London,http://landregistry.data.gov.uk/id/region/outer-london,E13000002,2018-04,3969,monthly,424520,871023,552529,428267,323595,2018-04-01
Outer London,http://landregistry.data.gov.uk/id/region/outer-london,E13000002,2018-05,4149,monthly,424992,872913,554845,430327,322604,2018-05-01
Outer London,http://landregistry.data.gov.uk/id/region/outer-london,E13000002,2018-06,4870,monthly,427835,878851,559690,433212,324440,2018-06-01
Outer London,http://landregistry.data.gov.uk/id/region/outer-london,E13000002,2018-07,5155,monthly,431482,888895,564013,437196,327033,2018-07-01
Outer London,http://landregistry.data.gov.uk/id/region/outer-london,E13000002,2018-08,5562,monthly,432352,892205,564821,437683,327900,2018-08-01
Outer London,http://landregistry.data.gov.uk/id/region/outer-london,E13000002,2018-09,4702,monthly,431722,893625,563645,437869,326940,2018-09-01
Outer London,http://landregistry.data.gov.uk/id/region/outer-london,E13000002,2018-10,4944,monthly,430358,890615,561905,436464,325917,2018-10-01
Outer London,http://landregistry.data.gov.uk/id/region/outer-london,E13000002,2018-11,5040,monthly,428301,890731,560808,435177,323268,2018-11-01
Outer London,http://landregistry.data.gov.uk/id/region/outer-london,E13000002,2018-12,4139,monthly,427176,885942,559650,433604,322695,2018-12-01
Outer London,http://landregistry.data.gov.uk/id/region/outer-london,E13000002,2019-01,3750,monthly,424913,883093,557153,430822,321003,2019-01-01
Outer London,http://landregistry.data.gov.uk/id/region/outer-london,E13000002,2019-02,3770,monthly,423834,878053,554365,428804,321219,2019-02-01
Outer London,http://landregistry.data.gov.uk/id/region/outer-london,E13000002,2019-03,4288,monthly,419770,871617,549657,425259,317520,2019-03-01
Outer London,http://landregistry.data.gov.uk/id/region/outer-london,E13000002,2019-04,3846,monthly,418082,863555,546920,424746,315998,2019-04-01
Outer London,http://landregistry.data.gov.uk/id/region/outer-london,E13000002,2019-05,4158,monthly,415786,856636,545153,423870,313163,2019-05-01
Outer London,http://landregistry.data.gov.uk/id/region/outer-london,E13000002,2019-06,4319,monthly,418951,860867,549513,427410,315448,2019-06-01
Outer London,http://landregistry.data.gov.uk/id/region/outer-london,E13000002,2019-07,4811,monthly,421354,865084,552684,429600,317451,2019-07-01
Outer London,http://landregistry.data.gov.uk/id/region/outer-london,E13000002,2019-08,5415,monthly,424817,873273,556919,433738,319736,2019-08-01
Outer London,http://landregistry.data.gov.uk/id/region/outer-london,E13000002,2019-09,4624,monthly,425801,875911,556265,434665,321091,2019-09-01
Outer London,http://landregistry.data.gov.uk/id/region/outer-london,E13000002,2019-10,4933,monthly,425042,876297,557375,434041,319649,2019-10-01
Outer London,http://landregistry.data.gov.uk/id/region/outer-london,E13000002,2019-11,4880,monthly,423414,876898,557235,432779,317333,2019-11-01
Outer London,http://landregistry.data.gov.uk/id/region/outer-london,E13000002,2019-12,4270,monthly,423263,879284,559155,433625,315800,2019-12-01
Outer London,http://landregistry.data.gov.uk/id/region/outer-london,E13000002,2020-01,4000,monthly,422566,876187,557629,433792,315064,2020-01-01
Outer London,http://landregistry.data.gov.uk/id/region/outer-london,E13000002,2020-02,4066,monthly,423607,878968,558931,434663,315907,2020-02-01
Outer London,http://landregistry.data.gov.uk/id/region/outer-london,E13000002,2020-03,4099,monthly,424841,881516,561012,435559,316892,2020-03-01
Outer London,http://landregistry.data.gov.uk/id/region/outer-london,E13000002,2020-04,1841,monthly,425935,890911,562801,437254,316802,2020-04-01
Outer London,http://landregistry.data.gov.uk/id/region/outer-london,E13000002,2020-05,1719,monthly,425923,889417,561834,436506,317608,2020-05-01
Outer London,http://landregistry.data.gov.uk/id/region/outer-london,E13000002,2020-06,2862,monthly,425393,886408,562338,437902,315857,2020-06-01
Outer London,http://landregistry.data.gov.uk/id/region/outer-london,E13000002,2020-07,3600,monthly,427414,886567,565450,439919,317520,2020-07-01
Outer London,http://landregistry.data.gov.uk/id/region/outer-london,E13000002,2020-08,3763,monthly,431595,895528,572973,445877,319040,2020-08-01
Outer London,http://landregistry.data.gov.uk/id/region/outer-london,E13000002,2020-09,4213,monthly,435372,906049,577701,449640,321826,2020-09-01
Outer London,http://landregistry.data.gov.uk/id/region/outer-london,E13000002,2020-10,5049,monthly,437242,912312,580872,453293,321868,2020-10-01
Outer London,http://landregistry.data.gov.uk/id/region/outer-london,E13000002,2020-11,4957,monthly,440242,920072,584377,457068,323759,2020-11-01
Outer London,http://landregistry.data.gov.uk/id/region/outer-london,E13000002,2020-12,5513,monthly,442232,926019,588082,460525,324004,2020-12-01
Outer London,http://landregistry.data.gov.uk/id/region/outer-london,E13000002,2021-01,4524,monthly,446357,934060,593498,464615,327199,2021-01-01
Outer London,http://landregistry.data.gov.uk/id/region/outer-london,E13000002,2021-02,5815,monthly,446502,934686,594119,465197,326809,2021-02-01
Outer London,http://landregistry.data.gov.uk/id/region/outer-london,E13000002,2021-03,8757,monthly,449409,941451,597927,468097,328879,2021-03-01
Outer London,http://landregistry.data.gov.uk/id/region/outer-london,E13000002,2021-04,4972,monthly,449807,945553,598418,468449,328970,2021-04-01
Outer London,http://landregistry.data.gov.uk/id/region/outer-london,E13000002,2021-05,4024,monthly,450208,950860,599732,468347,328969,2021-05-01
Outer London,http://landregistry.data.gov.uk/id/region/outer-london,E13000002,2021-06,12050,monthly,453525,958613,603802,473137,330633,2021-06-01
Outer London,http://landregistry.data.gov.uk/id/region/outer-london,E13000002,2021-07,967,monthly,453057,964234,604502,470292,330803,2021-07-01
Outer London,http://landregistry.data.gov.uk/id/region/outer-london,E13000002,2021-08,1710,monthly,460267,984071,616471,477283,335214,2021-08-01
Outer London,http://landregistry.data.gov.uk/id/region/outer-london,E13000002,2021-09,2552,monthly,461700,993178,620341,477014,336190,2021-09-01
Outer London,http://landregistry.data.gov.uk/id/region/outer-london,E13000002,2021-10,,monthly,468843,1012931,632263,485863,339315,2021-10-01
Outer London,http://landregistry.data.gov.uk/id/region/outer-london,E13000002,2021-11,,monthly,468285,1014438,633163,484465,338646,2021-11-01
